// Jest Snapshot v1, https://goo.gl/fbAQLP

exports[`Download Files page matches the snapshot 1`] = `
<body>
  <div>
    <div>
      <div
        class="table-container "
      >
        <div
          class="table-header-actions"
        >
          <label>
            <input
              id="main-checkbox"
              type="checkbox"
            />
            None Selected
          </label>
          <div
            class="table-submit-component"
          >
            <svg
              fill="currentColor"
              height="1.2rem"
              role="img"
              title="Download selected files"
              viewBox="0 0 16 16"
              width="1.2rem"
              xmlns="http://www.w3.org/2000/svg"
            >
              <path
                d="M.5 9.9a.5.5 0 0 1 .5.5v2.5a1 1 0 0 0 1 1h12a1 1 0 0 0 1-1v-2.5a.5.5 0 0 1 1 0v2.5a2 2 0 0 1-2 2H2a2 2 0 0 1-2-2v-2.5a.5.5 0 0 1 .5-.5z"
              />
              <path
                d="M7.646 11.854a.5.5 0 0 0 .708 0l3-3a.5.5 0 0 0-.708-.708L8.5 10.293V1.5a.5.5 0 0 0-1 0v8.793L5.354 8.146a.5.5 0 1 0-.708.708l3 3z"
              />
            </svg>
            <span
              class="download-selected-text"
            >
              Download Selected
            </span>
          </div>
        </div>
        <table
          aria-label="Files Table"
        >
          <thead>
            <tr>
              <th
                scope="col"
              />
            </tr>
          </thead>
          <tbody />
          <tfoot />
        </table>
      </div>
    </div>
  </div>
</body>
`;
